I'm sorry, but errors were detected in your script. Please correct the
errors listed below, and try again.


File "game/script.rpy", line 44: expected statement.
    ph_missing = True
               ^

File "game/script.rpy", line 45: expected statement.
    sh_missing = True
               ^

File "game/script.rpy", line 46: expected statement.
    st_missing = True
               ^

Ren'Py Version: Ren'Py 7.4.11.2266
Sun Apr 17 12:36:09 2022
